Invoking yices...
unsat
QUERY:
(define x::int)

(assert+ (not (=>  (and  (<=  0 x ) (and  (<=  x  3) true ))  (<=  0 x ))))
(check)

Invoking yices...
sat
QUERY:
(define x::int)

(assert+ (not (=>  (and  (<=  0 x ) (and  (<=  x  3) true ))  (<=  x  2))))
(check)

===
0 <= x===
