Invoking yices...
unsat
QUERY:
(define x::int)

(assert+ (not (=>  (and  (<=  0 x ) (and  (<=  x  17) true ))  (<=  0 x ))))
(check)

Invoking yices...
unsat
QUERY:
(define x::int)

(assert+ (not (=>  (and  (<=  0 x ) (and  (<=  x  17) true ))  (<=  x  17))))
(check)

===
x <= 17 & 0 <= x===
